
> bahattinyunus.github.io@1.0.0 check
> tsc --noEmit

Terminate batch job (Y/N)? 